>1vie
DRVRKKSGAAWQGQIVGWYCTNLTPEGYAVESEAHPGSVQIYPVAALERI
N
>1ihvA
NFRVYYRDSRDPVWKGPAKLLWKGEGAVVIQDNSDIKVVPRRKAKIIRD
>1aboA
NLFVALYDFVASGDNTLSITKGEKLRVLGYNHNGEWCEAQTKNGQGWVPS
NYITPVN
>1ycsB
KGVIYALWDYEPQNDDELPMKEGDCMTIIHREDEDEIEWWWARLNDKEGY
VPRNLLGLYP
>1pht
GYQYRALYDYKKEREEDIDLHLGDILTVNKGSLVALGFSDGQEARPEEIG
WLNGYNETTGERGDFPGTYVEYIGRKKISP
